// Jest Snapshot v1, https://goo.gl/fbAQLP

exports[`NotFound should take a snapshot 1`] = `
<DocumentFragment>
  <div
    class="page-not-found"
    data-testid="page-not-found"
  >
    No Component Defined
  </div>
</DocumentFragment>
`;
